// Jest Snapshot v1, https://goo.gl/fbAQLP

exports[`BeerComponent component renders the BeerComponent correctly renders with no data 1`] = `
ShallowWrapper {
  "length": 1,
  Symbol(enzyme.__root__): [Circular],
  Symbol(enzyme.__unrendered__): <BeerComponent
    beerContentDetail={
        Object {
            "beerType": "Aler Beer",
            "id": 1,
          }
    }
/>,
  Symbol(enzyme.__renderer__): Object {
    "batchedUpdates": [Function],
    "getNode": [Function],
    "render": [Function],
    "simulateEvent": [Function],
    "unmount": [Function],
  },
  Symbol(enzyme.__node__): Object {
    "instance": null,
    "key": undefined,
    "nodeType": "host",
    "props": Object {
      "children": <div
        className="beerContainer"
>
        <h3
                className="beertype"
        >
                Aler Beer
        </h3>
</div>,
      "className": "col-sm-6  col-md-6 col-lg-4 commonBoxModel",
    },
    "ref": null,
    "rendered": Object {
      "instance": null,
      "key": undefined,
      "nodeType": "host",
      "props": Object {
        "children": <h3
          className="beertype"
>
          Aler Beer
</h3>,
        "className": "beerContainer",
      },
      "ref": null,
      "rendered": Object {
        "instance": null,
        "key": undefined,
        "nodeType": "host",
        "props": Object {
          "children": "Aler Beer",
          "className": "beertype",
        },
        "ref": null,
        "rendered": "Aler Beer",
        "type": "h3",
      },
      "type": "div",
    },
    "type": "div",
  },
  Symbol(enzyme.__nodes__): Array [
    Object {
      "instance": null,
      "key": undefined,
      "nodeType": "host",
      "props": Object {
        "children": <div
          className="beerContainer"
>
          <h3
                    className="beertype"
          >
                    Aler Beer
          </h3>
</div>,
        "className": "col-sm-6  col-md-6 col-lg-4 commonBoxModel",
      },
      "ref": null,
      "rendered": Object {
        "instance": null,
        "key": undefined,
        "nodeType": "host",
        "props": Object {
          "children": <h3
            className="beertype"
>
            Aler Beer
</h3>,
          "className": "beerContainer",
        },
        "ref": null,
        "rendered": Object {
          "instance": null,
          "key": undefined,
          "nodeType": "host",
          "props": Object {
            "children": "Aler Beer",
            "className": "beertype",
          },
          "ref": null,
          "rendered": "Aler Beer",
          "type": "h3",
        },
        "type": "div",
      },
      "type": "div",
    },
  ],
  Symbol(enzyme.__options__): Object {
    "adapter": ReactSixteenAdapter {
      "options": Object {
        "enableComponentDidUpdateOnSetState": true,
      },
    },
  },
}
`;
