// Jest Snapshot v1, https://goo.gl/fbAQLP

exports[`Dashboard component should render correctly renders correctly without beerList 1`] = `
ShallowWrapper {
  "length": 1,
  Symbol(enzyme.__root__): [Circular],
  Symbol(enzyme.__unrendered__): <Dashboard
    beerList={
        Array [
            Object {
              "beerType": "Aler Beer",
              "id": 1,
            },
          ]
    }
    fetchBeerList={[Function]}
/>,
  Symbol(enzyme.__renderer__): Object {
    "batchedUpdates": [Function],
    "getNode": [Function],
    "render": [Function],
    "simulateEvent": [Function],
    "unmount": [Function],
  },
  Symbol(enzyme.__node__): Object {
    "instance": null,
    "key": undefined,
    "nodeType": "host",
    "props": Object {
      "children": Array [
        <LoadingIndicator
          showLoader={true}
/>,
        <BeerList
          beerList={
                    Array [
                              Object {
                                "beerType": "Aler Beer",
                                "id": 1,
                              },
                            ]
          }
/>,
      ],
      "className": "pageLayout",
    },
    "ref": null,
    "rendered": Array [
      Object {
        "instance": null,
        "key": undefined,
        "nodeType": "function",
        "props": Object {
          "showLoader": true,
        },
        "ref": null,
        "rendered": null,
        "type": [Function],
      },
      Object {
        "instance": null,
        "key": undefined,
        "nodeType": "function",
        "props": Object {
          "beerList": Array [
            Object {
              "beerType": "Aler Beer",
              "id": 1,
            },
          ],
        },
        "ref": null,
        "rendered": null,
        "type": [Function],
      },
    ],
    "type": "div",
  },
  Symbol(enzyme.__nodes__): Array [
    Object {
      "instance": null,
      "key": undefined,
      "nodeType": "host",
      "props": Object {
        "children": Array [
          <LoadingIndicator
            showLoader={true}
/>,
          <BeerList
            beerList={
                        Array [
                                    Object {
                                      "beerType": "Aler Beer",
                                      "id": 1,
                                    },
                                  ]
            }
/>,
        ],
        "className": "pageLayout",
      },
      "ref": null,
      "rendered": Array [
        Object {
          "instance": null,
          "key": undefined,
          "nodeType": "function",
          "props": Object {
            "showLoader": true,
          },
          "ref": null,
          "rendered": null,
          "type": [Function],
        },
        Object {
          "instance": null,
          "key": undefined,
          "nodeType": "function",
          "props": Object {
            "beerList": Array [
              Object {
                "beerType": "Aler Beer",
                "id": 1,
              },
            ],
          },
          "ref": null,
          "rendered": null,
          "type": [Function],
        },
      ],
      "type": "div",
    },
  ],
  Symbol(enzyme.__options__): Object {
    "adapter": ReactSixteenAdapter {
      "options": Object {
        "enableComponentDidUpdateOnSetState": true,
      },
    },
  },
}
`;
